  \node       at (1+0.1, -5+0.1)  {\Cross} ;
  \node       at (1+0.1, -6+0.1)  {\Cross} ;
  \node       at (3+0.1, -5+0.1)  {\Cross} ;
  \node       at (3+0.1, -6+0.1)  {\Cross} ;
  \node[tick] at (1, 0)  {} ;
  \node[date] at (1, 0)  {0.0} ;
  \node[date] at (1, -1)  {0.0} ;
  \node[date] at (1, -3)  {0.0} ;
  \node[date] at (1, -2)  {0.0} ;
  \node[date] at (1, -4)  {-100.0} ;
  \node[date] at (2, -3)  {55.0} ;
  \node[tick] at (2, -5)  {} ;
  \node[date] at (2, 0)  {12.22222222} ;
  \node[date] at (2, -1)  {0.2037037037} ;
  \node[date] at (2, -2)  {28.29444444} ;
  \node[tick] at (2, -6)  {} ;
  \node[date] at (2, -4)  {144.4444444} ;
  \node[date] at (3, -4)  {444.4444444} ;
  \node[tick] at (3, -7)  {} ;
  \node[date] at (3, 0)  {27.22222222} ;
  \node[date] at (3, -1)  {0.4537037037} ;
  \node[date] at (3, -3)  {122.5} ;
  \node[date] at (3, -2)  {63.01944444} ;
