  \node       at (1+0.1, -1+0.1)  {\Cross} ;
  \node[tick] at (1, 0)  {} ;
  \node[date] at (1, 0)  {1} ;
  \node[tick] at (2, -1)  {} ;
  \node[date] at (2, -1)  {2} ;
  \node[tick] at (2, 0)  {} ;
  \node[date] at (2, 0)  {4} ;
  \node[tick] at (3, -1)  {} ;
  \node[date] at (3, -1)  {5} ;
  \node[tick] at (3, 0)  {} ;
  \node[date] at (3, 0)  {7} ;
