% Exported execution trace
% Solver: Heron 0.53.0-alpha+20181104
% Date: Sun Nov 04 16:17:38 2018

\begin{tikzpicture}[>=stealth,x=\xlength,y=\ylength]
  % - Non-ticking ticks -
  % - Vertical axis -
  \foreach \i in {1,...,4} {
    \draw[edward, vline] (\i+.1,-1) -- +(0, 1.7) ;
  }
  % - Horizontal axis -
  \node at (-0.2,0) (h2) {\texttt{h2}} ;
  \draw[->] (h2.east) -- +(4.5,0) ;
  \node at (-0.2,-1) (h1) {\texttt{h1}} ;
  \draw[->] (h1.east) -- +(4.5,0) ;
  % - Ticking ticks and timestamps -
  \node[date] at (1, 0)  {5.} ;
  \node[date] at (1, -1)  {1.} ;
  \node[date] at (2, 0)  {5.} ;
  \node[date] at (2, -1)  {2.} ;
  \node[date] at (3, 0)  {5.} ;
  \node[date] at (3, -1)  {5.} ;
  \node[date] at (4, 0)  {5.} ;
  \node[date] at (4, -1)  {5.} ;
  % - Instant indexes -
  \foreach \i/\x in {1/1,2/2,3/3,4/4} {
    \node (I\i) at (\x+0.1, -1) {} ; 
    \node[instantlab] at (I\i.south) {\textsf{\i}} ;
  }
\end{tikzpicture}
