  \node[tick] at (1, 0)  {} ;
  \node[date] at (1, 0)  {0.0} ;
  \node[date] at (1, -1)  {0.0} ;
  \node[date] at (2, 0)  {0.1} ;
  \node[tick] at (2, 0)  {} ;
  \node[date] at (2, -1)  {0.0996679943} ;
  \node[date] at (3, 0)  {0.2} ;
  \node[tick] at (3, 0)  {} ;
  \node[date] at (3, -1)  {0.1973753199} ;
  \node[date] at (4, 0)  {0.3} ;
  \node[tick] at (4, 0)  {} ;
  \node[date] at (4, -1)  {0.2913126122} ;
  \node[date] at (5, 0)  {0.4} ;
  \node[tick] at (5, 0)  {} ;
  \node[date] at (5, -1)  {0.3799489621} ;
  \node[date] at (6, 0)  {0.5} ;
  \node[tick] at (6, 0)  {} ;
  \node[date] at (6, -1)  {0.4621171571} ;
  \node[date] at (7, 0)  {0.6} ;
  \node[tick] at (7, 0)  {} ;
  \node[date] at (7, -1)  {0.5370495666} ;
  \node[date] at (8, 0)  {0.7} ;
  \node[tick] at (8, 0)  {} ;
  \node[date] at (8, -1)  {0.6043677770} ;
  \node[date] at (9, 0)  {0.8} ;
  \node[tick] at (9, 0)  {} ;
  \node[date] at (9, -1)  {0.6640367701} ;
  \node[date] at (10, 0)  {0.9} ;
  \node[tick] at (10, 0)  {} ;
  \node[date] at (10, -1)  {0.7162978699} ;
