  \node[tick] at (1, 0)  {} ;
  \node[date] at (1, 0)  {0.} ;
  \node[date] at (1, -1)  {0.} ;
  \node[date] at (2, 0)  {0.1} ;
  \node[tick] at (2, 0)  {} ;
  \node[date] at (2, -1)  {0.0996679943519} ;
  \node[date] at (3, 0)  {0.2} ;
  \node[tick] at (3, 0)  {} ;
  \node[date] at (3, -1)  {0.19737531999} ;
  \node[date] at (4, 0)  {0.3} ;
  \node[tick] at (4, 0)  {} ;
  \node[date] at (4, -1)  {0.291312612263} ;
  \node[date] at (5, 0)  {0.4} ;
  \node[tick] at (5, 0)  {} ;
  \node[date] at (5, -1)  {0.379948962191} ;
  \node[date] at (6, 0)  {0.5} ;
  \node[tick] at (6, 0)  {} ;
  \node[date] at (6, -1)  {0.46211715716} ;
  \node[date] at (7, 0)  {0.6} ;
  \node[tick] at (7, 0)  {} ;
  \node[date] at (7, -1)  {0.537049566646} ;
  \node[date] at (8, 0)  {0.7} ;
  \node[tick] at (8, 0)  {} ;
  \node[date] at (8, -1)  {0.604367777055} ;
  \node[date] at (9, 0)  {0.8} ;
  \node[tick] at (9, 0)  {} ;
  \node[date] at (9, -1)  {0.664036770195} ;
  \node[date] at (10, 0)  {0.9} ;
  \node[tick] at (10, 0)  {} ;
  \node[date] at (10, -1)  {0.716297869904} ;
